// Jest Snapshot v1, https://goo.gl/fbAQLP

exports[`should render ExpenseList with empty message when no expenses 1`] = `
<div>
  <p>
    No expenses
  </p>
</div>
`;

exports[`should render ExpenseList with expenses 1`] = `
<div>
  <ul>
    <ExpenseListItem
      amount={6000}
      createdAt={0}
      description="car"
      id={0}
      key="0"
      note=""
    />
    <ExpenseListItem
      amount={16000}
      createdAt={-345600000}
      description="Rent"
      id={1}
      key="1"
      note=""
    />
    <ExpenseListItem
      amount={16000}
      createdAt={345600000}
      description="rent"
      id={2}
      key="2"
      note=""
    />
    <ExpenseListItem
      amount={1000}
      createdAt={1036800000}
      description="water"
      id={3}
      key="3"
      note=""
    />
  </ul>
</div>
`;
